[themeelite.com/demos/e-learn/image+text-rotator/index.html]
[backblue.gif]
[fade.gif]
[index.html]
[themeelite.com/demos/e-learn/image+text-rotator/blog-medium-image.html]
[themeelite.com/demos/e-learn/image+text-rotator/images/header-image/image01.jpg]
[themeelite.com/demos/e-learn/image+text-rotator/images/header-image/image02.jpg]
[themeelite.com/demos/e-learn/image+text-rotator/images/graphic-design.jpg]
[themeelite.com/demos/e-learn/image+text-rotator/images/internet-marketing.jpg]
[themeelite.com/demos/e-learn/image+text-rotator/images/branding.jpg]
[themeelite.com/demos/e-learn/image+text-rotator/images/social-marketing.jpg]
[themeelite.com/demos/e-learn/image+text-rotator/images/photography.jpg]
[themeelite.com/demos/e-learn/image+text-rotator/images/video.gif]
[themeelite.com/demos/e-learn/image+text-rotator/course-details.html]
[themeelite.com/demos/e-learn/image+text-rotator/images/courses/course1.jpg]
[themeelite.com/demos/e-learn/image+text-rotator/images/courses/course2.jpg]
[themeelite.com/demos/e-learn/image+text-rotator/images/courses/course3.jpg]
[themeelite.com/demos/e-learn/image+text-rotator/images/courses/course4.jpg]
[themeelite.com/demos/e-learn/image+text-rotator/images/courses/course5.jpg]
[themeelite.com/demos/e-learn/image+text-rotator/images/courses/course6.jpg]
[themeelite.com/demos/e-learn/image+text-rotator/images/courses/course7.jpg]
[themeelite.com/demos/e-learn/image+text-rotator/images/courses/course8.jpg]
[themeelite.com/demos/e-learn/image+text-rotator/portfolio-fourcolumn.html]
[themeelite.com/demos/e-learn/image+text-rotator/images/teachers/teacher1.jpg]
[themeelite.com/demos/e-learn/image+text-rotator/images/teachers/teacher2.jpg]
[themeelite.com/demos/e-learn/image+text-rotator/images/teachers/teacher3.jpg]
[themeelite.com/demos/e-learn/image+text-rotator/images/teachers/teacher4.jpg]
[themeelite.com/demos/e-learn/image+text-rotator/images/testimonials/thumb1.jpg]
[themeelite.com/demos/e-learn/image+text-rotator/images/testimonials/thumb2.jpg]
[themeelite.com/demos/e-learn/image+text-rotator/images/testimonials/thumb3.jpg]
[themeelite.com/demos/e-learn/image+text-rotator/images/testimonials/thumb4.jpg]
[themeelite.com/demos/e-learn/image+text-rotator/images/testimonials/thumb5.jpg]
[themeelite.com/demos/e-learn/image+text-rotator/images/testimonials/thumb6.jpg]
[themeelite.com/demos/e-learn/image+text-rotator/images/testimonials/thumb7.jpg]
[themeelite.com/demos/e-learn/image+text-rotator/images/testimonials/thumb8.jpg]
[themeelite.com/demos/e-learn/image+text-rotator/images/testimonials/thumb9.jpg]
[themeelite.com/demos/e-learn/image+text-rotator/images/testimonials/thumb10.jpg]
[themeelite.com/demos/e-learn/image+text-rotator/images/paypal.gif]
[themeelite.com/demos/e-learn/image+text-rotator/images/amazon.gif]
[themeelite.com/demos/e-learn/image+text-rotator/images/visa.gif]
[themeelite.com/demos/e-learn/image+text-rotator/images/master.gif]
[themeelite.com/demos/e-learn/image+text-rotator/images/discover.gif]
[themeelite.com/demos/e-learn/image+text-rotator/js/modernizr.custom.26633.js]
[themeelite.com/demos/e-learn/image+text-rotator/js/jquery-1.11.2.min.js]
[themeelite.com/demos/e-learn/image+text-rotator/js/bootstrap.min.js]
[themeelite.com/demos/e-learn/image+text-rotator/js/jquery.placeholder.js]
[themeelite.com/demos/e-learn/image+text-rotator/js/stickUp.js]
[themeelite.com/demos/e-learn/image+text-rotator/js/jquery.superslides.js]
[themeelite.com/demos/e-learn/image+text-rotator/js/jquery.isotope.js]
[themeelite.com/demos/e-learn/image+text-rotator/js/jquery.ui.widget.min.js]
[themeelite.com/demos/e-learn/image+text-rotator/js/jquery.ui.rlightbox.js]
[themeelite.com/demos/e-learn/image+text-rotator/js/jquery.prettyPhoto.js]
[themeelite.com/demos/e-learn/image+text-rotator/js/jquery.contact.js]
[themeelite.com/demos/e-learn/image+text-rotator/js/jquery.subscribe.js]
[themeelite.com/demos/e-learn/image+text-rotator/js/jquery.classyloader.min.js]
[themeelite.com/demos/e-learn/image+text-rotator/js/jquery.flexslider.js]
[themeelite.com/demos/e-learn/image+text-rotator/js/jquery.easing.js]
[themeelite.com/demos/e-learn/image+text-rotator/js/jquery.mousewheel.js]
[themeelite.com/demos/e-learn/image+text-rotator/js/slideroption.js]
[themeelite.com/demos/e-learn/image+text-rotator/js/jquery.countTo.js]
[themeelite.com/demos/e-learn/image+text-rotator/switcher/js/jquery.cookie.js]
[themeelite.com/demos/e-learn/image+text-rotator/switcher/js/styleswitch.js]
[themeelite.com/demos/e-learn/image+text-rotator/js/custom.js]
[themeelite.com/demos/e-learn/image+text-rotator/index.html]
[themeelite.com/demos/e-learn/image+text-rotator/fonts/glyphicons-halflings-regular.eot]
[themeelite.com/demos/e-learn/image+text-rotator/fonts/glyphicons-halflings-regulard41d.eot]
[themeelite.com/demos/e-learn/image+text-rotator/fonts/glyphicons-halflings-regular.woff]
[themeelite.com/demos/e-learn/image+text-rotator/fonts/glyphicons-halflings-regular.ttf]
[themeelite.com/demos/e-learn/image+text-rotator/fonts/glyphicons-halflings-regular.svg]
[themeelite.com/demos/e-learn/image+text-rotator/css/bootstrap.min.css]
[themeelite.com/demos/e-learn/image+text-rotator/images/flag.png]
[themeelite.com/demos/e-learn/image+text-rotator/images/preloader.gif]
[themeelite.com/demos/e-learn/image+text-rotator/images/blue-pattern.jpg]
[themeelite.com/demos/e-learn/image+text-rotator/images/testi-hover.png]
[themeelite.com/demos/e-learn/image+text-rotator/css/main.css]
[themeelite.com/demos/e-learn/image+text-rotator/css/skins/default.css]
[themeelite.com/demos/e-learn/image+text-rotator/switcher/icons/switcher.png]
[themeelite.com/demos/e-learn/image+text-rotator/switcher/icons/icons/crossed.png]
[themeelite.com/demos/e-learn/image+text-rotator/switcher/icons/icons/fabric.png]
[themeelite.com/demos/e-learn/image+text-rotator/switcher/icons/icons/woods.png]
[themeelite.com/demos/e-learn/image+text-rotator/switcher/icons/icons/diagmonds.png]
[themeelite.com/demos/e-learn/image+text-rotator/switcher/icons/icons/triangles.png]
[themeelite.com/demos/e-learn/image+text-rotator/switcher/icons/icons/black_mamba.png]
[themeelite.com/demos/e-learn/image+text-rotator/switcher/icons/icons/vichy.png]
[themeelite.com/demos/e-learn/image+text-rotator/switcher/icons/icons/back_pattern.png]
[themeelite.com/demos/e-learn/image+text-rotator/switcher/icons/icons/diamond_upholstery.png]
[themeelite.com/demos/e-learn/image+text-rotator/switcher/icons/icons/lyonnette.png]
[themeelite.com/demos/e-learn/image+text-rotator/switcher/icons/icons/graphy.png]
[themeelite.com/demos/e-learn/image+text-rotator/switcher/icons/icons/black_thread.png]
[themeelite.com/demos/e-learn/image+text-rotator/switcher/icons/icons/subtlenet2.png]
[themeelite.com/demos/e-learn/image+text-rotator/switcher/css/switcher.css]
[themeelite.com/demos/e-learn/image+text-rotator/fonts/fontawesome-webfont78ce.eot]
[themeelite.com/demos/e-learn/image+text-rotator/fonts/fontawesome-webfontd41d.eot]
[themeelite.com/demos/e-learn/image+text-rotator/fonts/fontawesome-webfont78ce.woff]
[themeelite.com/demos/e-learn/image+text-rotator/fonts/fontawesome-webfont78ce.ttf]
[themeelite.com/demos/e-learn/image+text-rotator/css/font-awesome.min.css]
[themeelite.com/demos/e-learn/image+text-rotator/index-2.html]
[themeelite.com/demos/e-learn/image+text-rotator/images/blog/img1.jpg]
[themeelite.com/demos/e-learn/image+text-rotator/images/blog/img2.jpg]
[themeelite.com/demos/e-learn/image+text-rotator/images/blog/img3.jpg]
[themeelite.com/demos/e-learn/image+text-rotator/blog-single.html]
[themeelite.com/demos/e-learn/image+text-rotator/video/course.mp4]
[ajax.googleapis.com/ajax/libs/jquery/1/jquery.js]
[themeelite.com/demos/e-learn/image+text-rotator/js/jquery.easing.1.3.js]
[themeelite.com/demos/e-learn/image+text-rotator/js/retina-1.1.0.min.js]
[themeelite.com/demos/e-learn/image+text-rotator/js/inner-js/js/jquery.theme.revolution.min.js]
[themeelite.com/demos/e-learn/image+text-rotator/js/jquery.jcarousel.js]
[themeelite.com/demos/e-learn/image+text-rotator/js/jquery.isotope.min.js]
[themeelite.com/demos/e-learn/image+text-rotator/js/swipe.js]
[themeelite.com/demos/e-learn/image+text-rotator/js/main.js]
[themeelite.com/demos/e-learn/image+text-rotator/blog-medium-image.html]
[themeelite.com/demos/e-learn/image+text-rotator/course-details.html]
[themeelite.com/demos/e-learn/image+text-rotator/portfolio-fourcolumn.html]
[themeelite.com/demos/e-learn/image+text-rotator/css/images/ui-bg_glass_100_f6f6f6_1x400.png]
[themeelite.com/demos/e-learn/image+text-rotator/css/images/ui-bg_glass_100_fdf5ce_1x400.png]
[themeelite.com/demos/e-learn/image+text-rotator/css/images/ui-bg_glass_65_ffffff_1x400.png]
[themeelite.com/demos/e-learn/image+text-rotator/css/images/ui-bg_highlight-soft_75_ffe45c_1x100.png]
[themeelite.com/demos/e-learn/image+text-rotator/css/images/ui-bg_diagonals-thick_18_b81900_40x40.png]
[themeelite.com/demos/e-learn/image+text-rotator/css/images/ui-icons_222222_256x240.75.delayed]
[themeelite.com/demos/e-learn/image+text-rotator/images/closebutton.png]
[themeelite.com/demos/e-learn/image+text-rotator/css/images/ui-icons_ef8c08_256x240.77.delayed]
[themeelite.com/demos/e-learn/image+text-rotator/css/images/ui-icons_ffd27a_256x240.png]
[themeelite.com/demos/e-learn/image+text-rotator/images/right-arrow.png]
[themeelite.com/demos/e-learn/image+text-rotator/images/left-arrow.png]
[themeelite.com/demos/e-learn/image+text-rotator/css/images/ui-bg_flat_10_000000_40x100.png]
[themeelite.com/demos/e-learn/image+text-rotator/css/jquery-ui-1.8.16.custom.css]
[themeelite.com/demos/e-learn/image+text-rotator/images/loader.gif]
[themeelite.com/demos/e-learn/image+text-rotator/css/error_bg.png]
[themeelite.com/demos/e-learn/image+text-rotator/css/error_sign.png]
[themeelite.com/demos/e-learn/image+text-rotator/css/lightbox.min.css]
[themeelite.com/demos/e-learn/image+text-rotator/images/prettyPhoto/default/sprite.png]
[themeelite.com/demos/e-learn/image+text-rotator/images/prettyPhoto/default/sprite_x.png]
[themeelite.com/demos/e-learn/image+text-rotator/images/prettyPhoto/default/sprite_y.png]
[themeelite.com/demos/e-learn/image+text-rotator/images/prettyPhoto/default/sprite_next.png]
[themeelite.com/demos/e-learn/image+text-rotator/images/prettyPhoto/default/sprite_prev.png]
[themeelite.com/demos/e-learn/image+text-rotator/images/prettyPhoto/default/default_thumb.png]
[themeelite.com/demos/e-learn/image+text-rotator/images/prettyPhoto/default/loader.gif]
[themeelite.com/demos/e-learn/image+text-rotator/images/prettyPhoto/light_rounded/sprite.png]
[themeelite.com/demos/e-learn/image+text-rotator/images/prettyPhoto/light_rounded/btnNext.png]
[themeelite.com/demos/e-learn/image+text-rotator/images/prettyPhoto/light_rounded/btnPrevious.png]
[themeelite.com/demos/e-learn/image+text-rotator/images/prettyPhoto/light_rounded/loader.gif]
[themeelite.com/demos/e-learn/image+text-rotator/images/prettyPhoto/dark_rounded/sprite.png]
[themeelite.com/demos/e-learn/image+text-rotator/images/prettyPhoto/dark_rounded/contentPattern.png]
[themeelite.com/demos/e-learn/image+text-rotator/images/prettyPhoto/dark_rounded/btnNext.png]
[themeelite.com/demos/e-learn/image+text-rotator/images/prettyPhoto/dark_rounded/btnPrevious.png]
[themeelite.com/demos/e-learn/image+text-rotator/images/prettyPhoto/dark_rounded/loader.gif]
[themeelite.com/demos/e-learn/image+text-rotator/images/prettyPhoto/dark_square/loader.gif]
[themeelite.com/demos/e-learn/image+text-rotator/images/prettyPhoto/dark_square/sprite.png]
[themeelite.com/demos/e-learn/image+text-rotator/images/prettyPhoto/dark_square/btnNext.png]
[themeelite.com/demos/e-learn/image+text-rotator/images/prettyPhoto/dark_square/btnPrevious.png]
[themeelite.com/demos/e-learn/image+text-rotator/images/prettyPhoto/light_square/sprite.png]
[themeelite.com/demos/e-learn/image+text-rotator/images/prettyPhoto/light_square/btnNext.png]
[themeelite.com/demos/e-learn/image+text-rotator/images/prettyPhoto/light_square/btnPrevious.png]
[themeelite.com/demos/e-learn/image+text-rotator/images/prettyPhoto/facebook/sprite.png]
[themeelite.com/demos/e-learn/image+text-rotator/images/prettyPhoto/facebook/contentPatternTop.png]
[themeelite.com/demos/e-learn/image+text-rotator/images/prettyPhoto/facebook/contentPatternLeft.png]
[themeelite.com/demos/e-learn/image+text-rotator/images/prettyPhoto/facebook/contentPatternRight.png]
[themeelite.com/demos/e-learn/image+text-rotator/images/prettyPhoto/facebook/loader.gif]
[themeelite.com/demos/e-learn/image+text-rotator/images/prettyPhoto/facebook/btnNext.png]
[themeelite.com/demos/e-learn/image+text-rotator/images/prettyPhoto/facebook/btnPrevious.png]
[themeelite.com/demos/e-learn/image+text-rotator/images/prettyPhoto/facebook/contentPatternBottom.png]
[themeelite.com/demos/e-learn/image+text-rotator/images/prettyPhoto/facebook/default_thumbnail.gif]
[themeelite.com/demos/e-learn/image+text-rotator/css/prettyPhoto.css]
[themeelite.com/demos/e-learn/image+text-rotator/js/jquery.classyloader.min.html]
[themeelite.com/demos/e-learn/image+text-rotator/fonts/glyphicons-halflings-regular.html]
[themeelite.com/demos/e-learn/image+text-rotator/fonts/glyphicons-halflings-regulard41d.html]
[themeelite.com/demos/e-learn/image+text-rotator/fonts/glyphicons-halflings-regular-2.html]
[themeelite.com/demos/e-learn/image+text-rotator/fonts/glyphicons-halflings-regular-3.html]
[themeelite.com/demos/e-learn/image+text-rotator/fonts/glyphicons-halflings-regular-4.html]
[themeelite.com/demos/e-learn/image+text-rotator/switcher/icons/icons/checkered_pattern.png]
[themeelite.com/demos/e-learn/image+text-rotator/fonts/fontawesome-webfont78ce.svg]
[themeelite.com/demos/e-learn/image+text-rotator/js/inner-js/images/gradient/g30.png]
[themeelite.com/demos/e-learn/image+text-rotator/js/inner-js/images/gradient/g40.png]
[themeelite.com/demos/e-learn/image+text-rotator/js/inner-js/assets/shadow1.png]
[themeelite.com/demos/e-learn/image+text-rotator/js/inner-js/assets/shadow2.png]
[themeelite.com/demos/e-learn/image+text-rotator/js/inner-js/assets/shadow3.png]
[themeelite.com/demos/e-learn/image+text-rotator/js/inner-js/assets/gridtile.png]
[themeelite.com/demos/e-learn/image+text-rotator/js/inner-js/assets/gridtile_white.png]
[themeelite.com/demos/e-learn/image+text-rotator/js/inner-js/assets/gridtile_3x3.png]
[themeelite.com/demos/e-learn/image+text-rotator/js/inner-js/assets/gridtile_3x3_white.png]
[themeelite.com/demos/e-learn/image+text-rotator/js/inner-js/assets/boxed_bgtile.png]
[themeelite.com/demos/e-learn/image+text-rotator/js/inner-js/assets/navigdots_bgtile.png]
[themeelite.com/demos/e-learn/image+text-rotator/js/inner-js/assets/bullet.png]
[themeelite.com/demos/e-learn/image+text-rotator/js/inner-js/assets/bullets.png]
[themeelite.com/demos/e-learn/image+text-rotator/js/inner-js/assets/bullets2.png]
[themeelite.com/demos/e-learn/image+text-rotator/js/inner-js/assets/bullet_boxed.png]
[themeelite.com/demos/e-learn/image+text-rotator/js/inner-js/assets/navigdots.png]
[themeelite.com/demos/e-learn/image+text-rotator/js/inner-js/assets/large_left.png]
[themeelite.com/demos/e-learn/image+text-rotator/js/inner-js/assets/large_right.png]
[themeelite.com/demos/e-learn/image+text-rotator/js/inner-js/assets/small_left.png]
[themeelite.com/demos/e-learn/image+text-rotator/js/inner-js/assets/small_right.png]
[themeelite.com/demos/e-learn/image+text-rotator/js/inner-js/assets/arrow_left.png]
[themeelite.com/demos/e-learn/image+text-rotator/js/inner-js/assets/arrow_right.png]
[themeelite.com/demos/e-learn/image+text-rotator/js/inner-js/assets/small_left_boxed.png]
[themeelite.com/demos/e-learn/image+text-rotator/js/inner-js/assets/small_right_boxed.png]
[themeelite.com/demos/e-learn/image+text-rotator/js/inner-js/assets/arrowleft.png]
[themeelite.com/demos/e-learn/image+text-rotator/js/inner-js/assets/arrowright.png]
[themeelite.com/demos/e-learn/image+text-rotator/js/inner-js/assets/arrow_left2.png]
[themeelite.com/demos/e-learn/image+text-rotator/js/inner-js/assets/arrow_right2.png]
[themeelite.com/demos/e-learn/image+text-rotator/js/inner-js/assets/timer.png]
[themeelite.com/demos/e-learn/image+text-rotator/js/inner-js/assets/coloredbg.png]
[themeelite.com/demos/e-learn/image+text-rotator/js/inner-js/assets/loader.gif]
[themeelite.com/demos/e-learn/image+text-rotator/js/inner-js/font/revicons90c6.eot]
[themeelite.com/demos/e-learn/image+text-rotator/js/inner-js/font/revicons90c6.woff]
[themeelite.com/demos/e-learn/image+text-rotator/js/inner-js/font/revicons90c6.ttf]
[themeelite.com/demos/e-learn/image+text-rotator/js/inner-js/font/revicons90c6.svg]
[themeelite.com/demos/e-learn/image+text-rotator/js/inner-js/css/settings.css]
[themeelite.com/demos/e-learn/image+text-rotator/images/breadcrumbs.png]
[themeelite.com/demos/e-learn/image+text-rotator/images/search-icon.png]
[themeelite.com/demos/e-learn/image+text-rotator/css/inner-style.css]
[themeelite.com/demos/e-learn/image+text-rotator/index-2.html]
[themeelite.com/demos/e-learn/image+text-rotator/blog-single.html]
[themeelite.com/demos/e-learn/image+text-rotator/css/images/ui-bg_glass_100_f6f6f6_1x400.html]
[themeelite.com/demos/e-learn/image+text-rotator/css/images/ui-bg_glass_100_fdf5ce_1x400.html]
[themeelite.com/demos/e-learn/image+text-rotator/css/images/ui-bg_glass_65_ffffff_1x400.html]
[themeelite.com/demos/e-learn/image+text-rotator/css/images/ui-bg_highlight-soft_75_ffe45c_1x100.html]
[themeelite.com/demos/e-learn/image+text-rotator/css/images/ui-bg_diagonals-thick_18_b81900_40x40.html]
[themeelite.com/demos/e-learn/image+text-rotator/css/images/ui-icons_222222_256x240.html]
[themeelite.com/demos/e-learn/image+text-rotator/css/images/ui-icons_ef8c08_256x240.html]
[themeelite.com/demos/e-learn/image+text-rotator/css/images/ui-icons_ffd27a_256x240.html]
[themeelite.com/demos/e-learn/image+text-rotator/css/images/ui-bg_flat_10_000000_40x100.html]
[themeelite.com/demos/e-learn/image+text-rotator/images/loader.html]
[themeelite.com/demos/e-learn/image+text-rotator/css/error_bg.html]
[themeelite.com/demos/e-learn/image+text-rotator/css/error_sign.html]
[themeelite.com/demos/e-learn/image+text-rotator/js/inner-js/font/revicons90c6.html]
[themeelite.com/demos/e-learn/image+text-rotator/js/inner-js/font/revicons90c6-2.html]
[themeelite.com/demos/e-learn/image+text-rotator/js/inner-js/font/revicons90c6-3.html]
[themeelite.com/demos/e-learn/image+text-rotator/js/inner-js/font/revicons90c6-4.html]
